<?xml version="1.0" encoding="utf-8"?><testsuites name="pytest tests"><testsuite name="pytest" errors="0" failures="0" skipped="0" tests="193" time="39.189" timestamp="2026-04-12T23:29:48.194102-06:00" hostname="devojeda-Latitude-3420"><testcase classname="tests.e2e.test_ecommerce_checkout_flow.TestEcommerceCheckoutFlow" name="test_full_checkout_journey_pickup" time="3.025" /><testcase classname="tests.e2e.test_ecommerce_checkout_flow.TestEcommerceCheckoutFlow" name="test_full_checkout_journey_shipping" time="0.147" /><testcase classname="tests.e2e.test_ecommerce_checkout_flow.TestEcommerceCheckoutFlow" name="test_checkout_fails_with_empty_cart" time="0.086" /><testcase classname="tests.e2e.test_ecommerce_checkout_flow.TestEcommerceCheckoutFlow" name="test_browse_then_search_then_checkout" time="0.287" /><testcase classname="tests.integration.test_admin_routes.TestAdminAuthProtection" name="test_admin_index_redirects" time="0.080" /><testcase classname="tests.integration.test_admin_routes.TestAdminAuthProtection" name="test_pos_redirects" time="0.076" /><testcase classname="tests.integration.test_admin_routes.TestAdminAuthProtection" name="test_customer_orders_redirects" time="0.074" /><testcase classname="tests.integration.test_admin_routes.TestAdminAuthProtection" name="test_products_admin_redirects" time="0.075" /><testcase classname="tests.integration.test_admin_routes.TestAdminAuthProtection" name="test_suppliers_admin_redirects" time="0.073" /><testcase classname="tests.integration.test_admin_routes.TestAdminAuthProtection" name="test_raw_materials_admin_redirects" time="0.091" /><testcase classname="tests.integration.test_admin_routes.TestAdminAuthProtection" name="test_production_admin_redirects" time="0.069" /><testcase classname="tests.integration.test_admin_routes.TestAdminAuthProtection" name="test_catalogs_admin_redirects" time="0.073" /><testcase classname="tests.integration.test_admin_routes.TestAdminAuthProtection" name="test_users_admin_redirects" time="0.073" /><testcase classname="tests.integration.test_admin_routes.TestAdminAuthProtection" name="test_reports_admin_redirects" time="0.076" /><testcase classname="tests.integration.test_admin_routes.TestAdminAuthProtection" name="test_costs_admin_redirects" time="0.122" /><testcase classname="tests.integration.test_admin_routes.TestAdminAuthProtection" name="test_audit_admin_redirects" time="0.090" /><testcase classname="tests.integration.test_admin_routes.TestAdminAuthProtection" name="test_security_events_admin_redirects" time="0.085" /><testcase classname="tests.integration.test_admin_routes.TestAdminAuthProtection" name="test_purchases_admin_redirects" time="0.090" /><testcase classname="tests.integration.test_admin_routes.TestPOSApiWithoutAuth" name="test_pos_cart_api_redirects" time="0.086" /><testcase classname="tests.integration.test_admin_routes.TestPOSApiWithoutAuth" name="test_pos_add_item_redirects" time="0.077" /><testcase classname="tests.integration.test_admin_routes.TestPOSApiWithoutAuth" name="test_pos_checkout_redirects" time="0.106" /><testcase classname="tests.integration.test_admin_routes.TestPOSApiWithoutAuth" name="test_pos_payment_methods_redirects" time="0.222" /><testcase classname="tests.integration.test_admin_routes.TestPOSApiWithoutAuth" name="test_pos_customers_search_redirects" time="0.168" /><testcase classname="tests.integration.test_admin_routes.TestPOSApiWithoutAuth" name="test_pos_create_customer_redirects" time="0.083" /><testcase classname="tests.integration.test_admin_routes.TestCustomerOrdersApiWithoutAuth" name="test_orders_create_redirects" time="0.073" /><testcase classname="tests.integration.test_admin_routes.TestCustomerOrdersApiWithoutAuth" name="test_orders_cancel_redirects" time="0.070" /><testcase classname="tests.integration.test_admin_routes.TestCustomerOrdersApiWithoutAuth" name="test_orders_status_update_redirects" time="0.073" /><testcase classname="tests.integration.test_auth_security.TestPasswordRecoveryFlow" name="test_forgot_password_page_is_available" time="0.112" /><testcase classname="tests.integration.test_auth_security.TestPasswordRecoveryFlow" name="test_reset_password_form_renders_with_valid_token" time="2.077" /><testcase classname="tests.integration.test_auth_security.TestLogoutHardening" name="test_logout_clears_session_and_sets_secure_headers" time="0.256" /><testcase classname="tests.integration.test_contact_request_routes.TestContactRequestConversionRoute" name="test_convert_route_creates_order_and_redirects" time="0.264" /><testcase classname="tests.integration.test_customer_account_auth.TestCustomerAccountAuth" name="test_register_creates_customer_user_and_links_customer" time="0.292" /><testcase classname="tests.integration.test_customer_account_auth.TestCustomerAccountAuth" name="test_login_dashboard_and_logout_flow" time="0.515" /><testcase classname="tests.integration.test_customer_account_auth.TestCustomerAccountAuth" name="test_logout_clears_customer_cart_and_keeps_guest_cart" time="0.424" /><testcase classname="tests.integration.test_customer_account_auth.TestCustomerCheckoutAndReviews" name="test_authenticated_checkout_sets_customer_user_id" time="0.294" /><testcase classname="tests.integration.test_customer_account_auth.TestCustomerCheckoutAndReviews" name="test_review_requires_previous_purchase" time="0.289" /><testcase classname="tests.integration.test_customer_account_auth.TestCustomerCheckoutAndReviews" name="test_review_requires_delivered_status" time="0.224" /><testcase classname="tests.integration.test_ecommerce_routes.TestEcommercePages" name="test_home_page_loads" time="0.094" /><testcase classname="tests.integration.test_ecommerce_routes.TestEcommercePages" name="test_products_page_loads" time="0.321" /><testcase classname="tests.integration.test_ecommerce_routes.TestEcommercePages" name="test_product_detail_exists" time="0.147" /><testcase classname="tests.integration.test_ecommerce_routes.TestEcommercePages" name="test_product_detail_nonexistent_redirects" time="0.114" /><testcase classname="tests.integration.test_ecommerce_routes.TestEcommercePages" name="test_cart_page_empty" time="0.088" /><testcase classname="tests.integration.test_ecommerce_routes.TestEcommercePages" name="test_checkout_page_loads" time="0.077" /><testcase classname="tests.integration.test_ecommerce_routes.TestEcommercePages" name="test_search_page" time="0.083" /><testcase classname="tests.integration.test_ecommerce_routes.TestEcommercePages" name="test_categories_page" time="0.088" /><testcase classname="tests.integration.test_ecommerce_routes.TestEcommercePages" name="test_contact_page" time="0.095" /><testcase classname="tests.integration.test_ecommerce_routes.TestEcommercePages" name="test_contact_form_submission_creates_request" time="0.104" /><testcase classname="tests.integration.test_ecommerce_routes.TestEcommercePages" name="test_about_page" time="0.095" /><testcase classname="tests.integration.test_ecommerce_routes.TestCartRoutes" name="test_add_to_cart_redirects" time="0.092" /><testcase classname="tests.integration.test_ecommerce_routes.TestCartRoutes" name="test_add_to_cart_updates_session" time="0.102" /><testcase classname="tests.integration.test_ecommerce_routes.TestCartRoutes" name="test_update_cart_item" time="0.107" /><testcase classname="tests.integration.test_ecommerce_routes.TestCartRoutes" name="test_remove_from_cart" time="0.115" /><testcase classname="tests.integration.test_ecommerce_routes.TestCartRoutes" name="test_clear_cart" time="0.102" /><testcase classname="tests.integration.test_ecommerce_routes.TestCartRoutes" name="test_add_custom_product_to_cart_is_blocked" time="0.086" /><testcase classname="tests.integration.test_ecommerce_routes.TestFreightQuoteAPI" name="test_shipping_quote" time="0.084" /><testcase classname="tests.integration.test_ecommerce_routes.TestFreightQuoteAPI" name="test_pickup_quote" time="0.079" /><testcase classname="tests.integration.test_ecommerce_routes.TestFreightQuoteAPI" name="test_invalid_delivery_mode" time="0.080" /><testcase classname="tests.integration.test_ecommerce_routes.TestFreightQuoteAPI" name="test_shipping_missing_city" time="0.073" /><testcase classname="tests.integration.test_ecommerce_routes.TestCPLookupAPI" name="test_invalid_cp" time="0.936" /><testcase classname="tests.integration.test_ecommerce_routes.TestCheckoutRoute" name="test_checkout_post_empty_cart" time="0.079" /><testcase classname="tests.integration.test_ecommerce_routes.TestCheckoutRoute" name="test_checkout_post_validation_error" time="0.089" /><testcase classname="tests.test_rbac" name="test_normalize_role_name_is_accent_case_and_space_insensitive" time="0.054" /><testcase classname="tests.test_rbac" name="test_resolve_role_key_maps_canonical_aliases" time="0.070" /><testcase classname="tests.test_rbac" name="test_admin_has_broad_permissions" time="0.063" /><testcase classname="tests.test_rbac" name="test_notifications_endpoints_require_audit_read" time="0.059" /><testcase classname="tests.test_rbac" name="test_sales_role_has_sales_but_not_users_permissions" time="0.065" /><testcase classname="tests.test_rbac" name="test_unknown_or_unauthenticated_user_is_denied_by_default" time="0.059" /><testcase classname="tests.test_rbac" name="test_dashboard_endpoint_requires_dashboard_read" time="0.067" /><testcase classname="tests.test_rbac" name="test_dashboard_access_matches_documented_roles" time="0.053" /><testcase classname="tests.unit.test_audit_logging.TestAuditLoggingHelper" name="test_should_write_application_audit_in_sqlite" time="0.056" /><testcase classname="tests.unit.test_audit_logging.TestAuditLoggingHelper" name="test_should_not_write_application_audit_in_mysql_mode" time="0.053" /><testcase classname="tests.unit.test_audit_logging.TestAuditLoggingHelper" name="test_log_application_audit_inserts_when_enabled" time="0.056" /><testcase classname="tests.unit.test_audit_logging.TestAuditLoggingHelper" name="test_log_application_audit_skips_when_mysql" time="0.065" /><testcase classname="tests.unit.test_audit_service.TestAuditService" name="test_parse_date_valid_and_invalid" time="0.061" /><testcase classname="tests.unit.test_audit_service.TestAuditService" name="test_get_by_id_not_found_raises" time="0.066" /><testcase classname="tests.unit.test_audit_service.TestAuditService" name="test_get_logs_filters" time="0.133" /><testcase classname="tests.unit.test_audit_service.TestAuditService" name="test_get_filter_options" time="0.087" /><testcase classname="tests.unit.test_audit_service.TestAuditService" name="test_to_detail_view_redacts_sensitive_fields" time="0.053" /><testcase classname="tests.unit.test_contact_request_service.TestContactRequestConversion" name="test_convert_to_special_order_creates_order_and_links_request" time="0.114" /><testcase classname="tests.unit.test_contact_request_service.TestContactRequestConversion" name="test_convert_to_special_order_requires_phone_for_new_customer" time="0.087" /><testcase classname="tests.unit.test_customer_order_service.TestCreateOrder" name="test_create_success" time="0.149" /><testcase classname="tests.unit.test_customer_order_service.TestCreateOrder" name="test_create_empty_items_raises" time="0.083" /><testcase classname="tests.unit.test_customer_order_service.TestCreateOrder" name="test_create_invalid_customer_raises" time="0.079" /><testcase classname="tests.unit.test_customer_order_service.TestCreateOrder" name="test_create_invalid_product_raises" time="0.090" /><testcase classname="tests.unit.test_customer_order_service.TestCreateOrder" name="test_create_zero_quantity_raises" time="0.087" /><testcase classname="tests.unit.test_customer_order_service.TestCreateOrder" name="test_create_no_delivery_date_raises" time="0.118" /><testcase classname="tests.unit.test_customer_order_service.TestCancelOrder" name="test_cancel_success" time="0.121" /><testcase classname="tests.unit.test_customer_order_service.TestCancelOrder" name="test_cancel_no_reason_raises" time="0.092" /><testcase classname="tests.unit.test_customer_order_service.TestCancelOrder" name="test_cancel_already_cancelled_raises" time="0.114" /><testcase classname="tests.unit.test_customer_order_service.TestStatusTransitions" name="test_valid_transition_pendiente_to_terminado" time="0.094" /><testcase classname="tests.unit.test_customer_order_service.TestStatusTransitions" name="test_valid_transition_terminado_to_entregado" time="0.118" /><testcase classname="tests.unit.test_customer_order_service.TestStatusTransitions" name="test_invalid_transition_raises" time="0.085" /><testcase classname="tests.unit.test_customer_order_service.TestStatusTransitions" name="test_idempotent_same_status" time="0.080" /><testcase classname="tests.unit.test_customer_order_service.TestStatusTransitions" name="test_invalid_status_value_raises" time="0.091" /><testcase classname="tests.unit.test_customer_order_service.TestSendToProduction" name="test_send_to_production_leaves_order_in_production_state" time="0.115" /><testcase classname="tests.unit.test_customer_order_service.TestSendToProduction" name="test_send_special_order_to_production_without_bom_creates_order" time="0.111" /><testcase classname="tests.unit.test_customer_order_service.TestCreateFromEcommerce" name="test_create_from_ecommerce" time="0.084" /><testcase classname="tests.unit.test_ecommerce_service.TestNormalizeQuantity" name="test_valid_int" time="0.053" /><testcase classname="tests.unit.test_ecommerce_service.TestNormalizeQuantity" name="test_string_number" time="0.061" /><testcase classname="tests.unit.test_ecommerce_service.TestNormalizeQuantity" name="test_negative_returns_minimum" time="0.069" /><testcase classname="tests.unit.test_ecommerce_service.TestNormalizeQuantity" name="test_zero_returns_minimum" time="0.061" /><testcase classname="tests.unit.test_ecommerce_service.TestNormalizeQuantity" name="test_none_returns_minimum" time="0.089" /><testcase classname="tests.unit.test_ecommerce_service.TestNormalizeQuantity" name="test_invalid_string_returns_minimum" time="0.074" /><testcase classname="tests.unit.test_ecommerce_service.TestNormalizeQuantity" name="test_custom_minimum" time="0.065" /><testcase classname="tests.unit.test_ecommerce_service.TestHighlightMatch" name="test_basic_highlight" time="0.060" /><testcase classname="tests.unit.test_ecommerce_service.TestHighlightMatch" name="test_no_match" time="0.067" /><testcase classname="tests.unit.test_ecommerce_service.TestHighlightMatch" name="test_empty_search" time="0.050" /><testcase classname="tests.unit.test_ecommerce_service.TestHighlightMatch" name="test_empty_value" time="0.057" /><testcase classname="tests.unit.test_ecommerce_service.TestHighlightMatch" name="test_html_escaping" time="0.068" /><testcase classname="tests.unit.test_ecommerce_service.TestToDecimal" name="test_valid_number" time="0.053" /><testcase classname="tests.unit.test_ecommerce_service.TestToDecimal" name="test_invalid_value" time="0.051" /><testcase classname="tests.unit.test_ecommerce_service.TestToDecimal" name="test_none_value" time="0.060" /><testcase classname="tests.unit.test_ecommerce_service.TestCartOperations" name="test_empty_cart" time="0.081" /><testcase classname="tests.unit.test_ecommerce_service.TestCartOperations" name="test_add_product_to_cart" time="0.089" /><testcase classname="tests.unit.test_ecommerce_service.TestCartOperations" name="test_add_product_respects_stock_limit" time="0.091" /><testcase classname="tests.unit.test_ecommerce_service.TestCartOperations" name="test_add_nonexistent_product" time="0.087" /><testcase classname="tests.unit.test_ecommerce_service.TestCartOperations" name="test_update_product_quantity" time="0.101" /><testcase classname="tests.unit.test_ecommerce_service.TestCartOperations" name="test_update_to_zero_removes_product" time="0.094" /><testcase classname="tests.unit.test_ecommerce_service.TestCartOperations" name="test_remove_product_from_cart" time="0.099" /><testcase classname="tests.unit.test_ecommerce_service.TestCartOperations" name="test_clear_cart" time="0.096" /><testcase classname="tests.unit.test_ecommerce_service.TestCartOperations" name="test_cart_iva_calculation" time="0.100" /><testcase classname="tests.unit.test_ecommerce_service.TestCartOperations" name="test_add_custom_furniture_product_is_blocked" time="0.079" /><testcase classname="tests.unit.test_ecommerce_service.TestFreightQuote" name="test_pickup_mode_zero_cost" time="0.073" /><testcase classname="tests.unit.test_ecommerce_service.TestCheckoutValidation" name="test_checkout_empty_cart_raises" time="0.088" /><testcase classname="tests.unit.test_ecommerce_service.TestCheckoutValidation" name="test_checkout_missing_fields_raises" time="0.085" /><testcase classname="tests.unit.test_ecommerce_service.TestCheckoutValidation" name="test_checkout_invalid_email_raises" time="0.082" /><testcase classname="tests.unit.test_ecommerce_service.TestCheckoutValidation" name="test_checkout_invalid_delivery_mode_raises" time="0.092" /><testcase classname="tests.unit.test_ecommerce_service.TestCheckoutValidation" name="test_checkout_shipping_missing_zip" time="0.091" /><testcase classname="tests.unit.test_ecommerce_service.TestCheckoutValidation" name="test_checkout_invalid_zip_format" time="0.110" /><testcase classname="tests.unit.test_ecommerce_service.TestCheckoutValidation" name="test_checkout_invalid_payment_method_raises" time="0.090" /><testcase classname="tests.unit.test_ecommerce_service.TestGetFilteredProducts" name="test_default_returns_all" time="0.080" /><testcase classname="tests.unit.test_ecommerce_service.TestGetFilteredProducts" name="test_search_filter" time="0.093" /><testcase classname="tests.unit.test_ecommerce_service.TestGetFilteredProducts" name="test_search_no_results" time="0.080" /><testcase classname="tests.unit.test_ecommerce_service.TestGetFilteredProducts" name="test_sort_by_price_asc" time="0.079" /><testcase classname="tests.unit.test_ecommerce_service.TestGetFilteredProducts" name="test_pagination_metadata" time="0.087" /><testcase classname="tests.unit.test_inventory_service.TestDeductStock" name="test_deduct_stock_success" time="0.092" /><testcase classname="tests.unit.test_inventory_service.TestDeductStock" name="test_deduct_stock_exact_amount" time="0.072" /><testcase classname="tests.unit.test_inventory_service.TestDeductStock" name="test_deduct_stock_insufficient_raises" time="0.085" /><testcase classname="tests.unit.test_inventory_service.TestDeductStock" name="test_deduct_stock_no_inventory_raises" time="0.074" /><testcase classname="tests.unit.test_inventory_service.TestDeductStock" name="test_deduct_stock_uses_product_id_as_label" time="0.071" /><testcase classname="tests.unit.test_models.TestCustomerModel" name="test_full_name" time="0.092" /><testcase classname="tests.unit.test_models.TestCustomerModel" name="test_to_dict_keys" time="0.088" /><testcase classname="tests.unit.test_models.TestCustomerModel" name="test_to_dict_values" time="0.084" /><testcase classname="tests.unit.test_models.TestProductModel" name="test_to_dict" time="0.079" /><testcase classname="tests.unit.test_models.TestProductModel" name="test_product_has_inventory_relation" time="0.083" /><testcase classname="tests.unit.test_models.TestProductInventoryModel" name="test_to_dict" time="0.087" /><testcase classname="tests.unit.test_models.TestOrderModel" name="test_can_cancel_pendiente" time="0.063" /><testcase classname="tests.unit.test_models.TestOrderModel" name="test_cannot_cancel_entregado" time="0.069" /><testcase classname="tests.unit.test_models.TestOrderModel" name="test_can_send_to_production_pendiente" time="0.062" /><testcase classname="tests.unit.test_models.TestOrderModel" name="test_cannot_send_to_production_en_produccion" time="0.064" /><testcase classname="tests.unit.test_models.TestOrderModel" name="test_valid_statuses" time="0.063" /><testcase classname="tests.unit.test_models.TestOrderModel" name="test_status_transitions_map" time="0.067" /><testcase classname="tests.unit.test_models.TestOrderModel" name="test_to_dict" time="0.095" /><testcase classname="tests.unit.test_models.TestPaymentMethodModel" name="test_to_dict" time="0.072" /><testcase classname="tests.unit.test_models.TestRoleModel" name="test_to_dict" time="0.069" /><testcase classname="tests.unit.test_models.TestUserModel" name="test_to_dict" time="0.098" /><testcase classname="tests.unit.test_navbar_notifications" name="test_navbar_notifications_merge_security_and_audit_events_for_superadmin" time="0.132" /><testcase classname="tests.unit.test_navbar_notifications" name="test_navbar_notifications_hide_security_events_for_admin" time="0.084" /><testcase classname="tests.unit.test_navbar_notifications" name="test_navbar_notifications_returns_empty_for_anonymous_user" time="0.058" /><testcase classname="tests.unit.test_navbar_notifications" name="test_navbar_notifications_can_be_dismissed" time="0.114" /><testcase classname="tests.unit.test_production_service.TestSpecialProductionOrderMaterials" name="test_special_order_allows_manual_material_rows_after_start" time="0.171" /><testcase classname="tests.unit.test_production_service.TestSpecialProductionOrderMaterials" name="test_special_order_can_initialize_materials_from_bom_after_start" time="0.202" /><testcase classname="tests.unit.test_production_service.TestProductionOrderAssignee" name="test_create_order_stores_assigned_user" time="0.096" /><testcase classname="tests.unit.test_production_service.TestProductionOrderAssignee" name="test_create_order_rejects_non_allowed_role_assignee" time="0.126" /><testcase classname="tests.unit.test_production_service.TestProductionOrderAssignee" name="test_assign_order_allows_reassignment_to_production_role" time="0.158" /><testcase classname="tests.unit.test_sale_service.TestOpenSale" name="test_open_sale_creates_active" time="0.110" /><testcase classname="tests.unit.test_sale_service.TestOpenSale" name="test_open_sale_with_customer" time="0.098" /><testcase classname="tests.unit.test_sale_service.TestGetActiveSale" name="test_found" time="0.166" /><testcase classname="tests.unit.test_sale_service.TestGetActiveSale" name="test_not_found_raises" time="0.104" /><testcase classname="tests.unit.test_sale_service.TestSearchCustomers" name="test_search_by_name" time="0.115" /><testcase classname="tests.unit.test_sale_service.TestSearchCustomers" name="test_search_too_short" time="0.085" /><testcase classname="tests.unit.test_sale_service.TestSearchCustomers" name="test_search_empty" time="0.086" /><testcase classname="tests.unit.test_sale_service.TestProductCatalogFiltering" name="test_get_products_excludes_special_request_products" time="0.125" /><testcase classname="tests.unit.test_sale_service.TestCreateCustomer" name="test_create_success" time="0.244" /><testcase classname="tests.unit.test_sale_service.TestCreateCustomer" name="test_create_missing_fields_raises" time="0.116" /><testcase classname="tests.unit.test_sale_service.TestCreateCustomer" name="test_create_duplicate_email_raises" time="0.087" /><testcase classname="tests.unit.test_sale_service.TestCheckoutSale" name="test_checkout_empty_cart_raises" time="0.113" /><testcase classname="tests.unit.test_sale_service.TestCheckoutSale" name="test_checkout_insufficient_amount_raises" time="0.114" /><testcase classname="tests.unit.test_sale_service.TestCheckoutSale" name="test_checkout_success" time="0.116" /><testcase classname="tests.unit.test_sale_service.TestSaleItemService" name="test_add_item" time="0.095" /><testcase classname="tests.unit.test_sale_service.TestSaleItemService" name="test_add_item_stacks_quantity" time="0.131" /><testcase classname="tests.unit.test_sale_service.TestSaleItemService" name="test_add_item_exceeds_stock_raises" time="0.091" /><testcase classname="tests.unit.test_sale_service.TestSaleItemService" name="test_update_item_quantity" time="0.100" /><testcase classname="tests.unit.test_sale_service.TestSaleItemService" name="test_remove_item" time="0.109" /><testcase classname="tests.unit.test_security_events.TestSecurityEventLogging" name="test_log_security_event_helper" time="0.090" /><testcase classname="tests.unit.test_security_events.TestSecurityEventLogging" name="test_security_signals_create_events" time="0.092" /><testcase classname="tests.unit.test_security_events.TestSecurityEventLogging" name="test_failed_login_attempts_are_logged" time="0.075" /><testcase classname="tests.unit.test_security_events.TestSecurityEventLogging" name="test_login_is_locked_after_three_attempts" time="0.072" /><testcase classname="tests.unit.test_security_events.TestSecurityEventLogging" name="test_blocked_login_does_not_increment_failed_attempt_counter" time="0.053" /><testcase classname="tests.unit.test_security_events.TestSecurityEventLogging" name="test_lock_expires_and_auto_unlock_is_logged" time="0.066" /><testcase classname="tests.unit.test_security_events.TestSecurityEventLogging" name="test_login_lock_persists_across_sessions" time="0.064" /><testcase classname="tests.unit.test_security_events.TestSecurityEventLogging" name="test_rbac_forbidden_is_logged" time="0.070" /><testcase classname="tests.unit.test_security_events.TestSecurityEventLogging" name="test_rbac_unauthorized_is_logged" time="0.083" /></testsuite></testsuites>